This is pdfTeX, Version 3.141592653-2.6-1.40.25 (TeX Live 2023/Debian) (preloaded format=pdflatex 2025.10.8)  25 NOV 2025 11:20
entering extended mode
 restricted \write18 enabled.
 file:line:error style messages enabled.
 %&-line parsing enabled.
**/home/mint/Documents/latex/main.tex
(/home/mint/Documents/latex/main.tex
LaTeX2e <2023-11-01> patch level 1
L3 programming layer <2024-01-22>
(/usr/share/texlive/texmf-dist/tex/latex/base/report.cls
Document Class: report 2023/05/17 v1.4n Standard LaTeX document class
(/usr/share/texlive/texmf-dist/tex/latex/base/size12.clo
File: size12.clo 2023/05/17 v1.4n Standard LaTeX file (size option)
)
\c@part=\count187
\c@chapter=\count188
\c@section=\count189
\c@subsection=\count190
\c@subsubsection=\count191
\c@paragraph=\count192
\c@subparagraph=\count193
\c@figure=\count194
\c@table=\count195
\abovecaptionskip=\skip48
\belowcaptionskip=\skip49
\bibindent=\dimen140
) (/usr/share/texlive/texmf-dist/tex/latex/base/inputenc.sty
Package: inputenc 2021/02/14 v1.3d Input encoding file
\inpenc@prehook=\toks17
\inpenc@posthook=\toks18
) (/usr/share/texlive/texmf-dist/tex/latex/base/fontenc.sty
Package: fontenc 2021/04/29 v2.0v Standard LaTeX package
) (/usr/share/texlive/texmf-dist/tex/latex/setspace/setspace.sty
Package: setspace 2022/12/04 v6.7b set line spacing
) (/usr/share/texlive/texmf-dist/tex/latex/geometry/geometry.sty
Package: geometry 2020/01/02 v5.9 Page Geometry
 (/usr/share/texlive/texmf-dist/tex/latex/graphics/keyval.sty
Package: keyval 2022/05/29 v1.15 key=value parser (DPC)
\KV@toks@=\toks19
) (/usr/share/texlive/texmf-dist/tex/generic/iftex/ifvtex.sty
Package: ifvtex 2019/10/25 v1.7 ifvtex legacy package. Use iftex instead.
 (/usr/share/texlive/texmf-dist/tex/generic/iftex/iftex.sty
Package: iftex 2022/02/03 v1.0f TeX engine tests
))
\Gm@cnth=\count196
\Gm@cntv=\count197
\c@Gm@tempcnt=\count198
\Gm@bindingoffset=\dimen141
\Gm@wd@mp=\dimen142
\Gm@odd@mp=\dimen143
\Gm@even@mp=\dimen144
\Gm@layoutwidth=\dimen145
\Gm@layoutheight=\dimen146
\Gm@layouthoffset=\dimen147
\Gm@layoutvoffset=\dimen148
\Gm@dimlist=\toks20
) (/usr/share/texlive/texmf-dist/tex/latex/graphics/graphicx.sty
Package: graphicx 2021/09/16 v1.2d Enhanced LaTeX Graphics (DPC,SPQR)
 (/usr/share/texlive/texmf-dist/tex/latex/graphics/graphics.sty
Package: graphics 2022/03/10 v1.4e Standard LaTeX Graphics (DPC,SPQR)
 (/usr/share/texlive/texmf-dist/tex/latex/graphics/trig.sty
Package: trig 2021/08/11 v1.11 sin cos tan (DPC)
) (/usr/share/texlive/texmf-dist/tex/latex/graphics-cfg/graphics.cfg
File: graphics.cfg 2016/06/04 v1.11 sample graphics configuration
)
Package graphics Info: Driver file: pdftex.def on input line 107.
 (/usr/share/texlive/texmf-dist/tex/latex/graphics-def/pdftex.def
File: pdftex.def 2022/09/22 v1.2b Graphics/color driver for pdftex
))
\Gin@req@height=\dimen149
\Gin@req@width=\dimen150
) (/usr/share/texlive/texmf-dist/tex/latex/float/float.sty
Package: float 2001/11/08 v1.3d Float enhancements (AL)
\c@float@type=\count199
\float@exts=\toks21
\float@box=\box51
\@float@everytoks=\toks22
\@floatcapt=\box52
) (/usr/share/texlive/texmf-dist/tex/generic/babel/babel.sty
Package: babel 2024/01/07 v24.1 The Babel package
\babel@savecnt=\count266
\U@D=\dimen151
\l@unhyphenated=\language39
 (/usr/share/texlive/texmf-dist/tex/generic/babel/txtbabel.def)
\bbl@readstream=\read2
\bbl@dirlevel=\count267
 (/usr/share/texlive/texmf-dist/tex/generic/babel-english/english.ldf
Language: english 2017/06/06 v3.3r English support from the babel system
Package babel Info: Hyphen rules for 'canadian' set to \l@english
(babel)             (\language0). Reported on input line 102.
Package babel Info: Hyphen rules for 'australian' set to \l@ukenglish
(babel)             (\language26). Reported on input line 105.
Package babel Info: Hyphen rules for 'newzealand' set to \l@ukenglish
(babel)             (\language26). Reported on input line 108.
)) (/usr/share/texlive/texmf-dist/tex/generic/babel/locale/en/babel-english.tex
Package babel Info: Importing font and identification data for english
(babel)             from babel-en.ini. Reported on input line 11.
) (/usr/share/texlive/texmf-dist/tex/latex/epigraph/epigraph.sty
Package: epigraph 2020/01/02 v1.5e typesetting epigraphs
 (/usr/share/texlive/texmf-dist/tex/latex/nextpage/nextpage.sty
Package: nextpage 2009/09/03 v1.1a additional page commands
)
\beforeepigraphskip=\skip50
\afterepigraphskip=\skip51
\epigraphwidth=\skip52
\epigraphrule=\skip53
) (/usr/share/texlive/texmf-dist/tex/latex/blindtext/blindtext.sty
Package: blindtext 2012/01/06 V2.0 blindtext-Package
 (/usr/share/texlive/texmf-dist/tex/latex/tools/xspace.sty
Package: xspace 2014/10/28 v1.13 Space after command names (DPC,MH)
)
\c@blindtext=\count268
\c@Blindtext=\count269
\c@blind@countparstart=\count270
\blind@countxx=\count271
\blindtext@numBlindtext=\count272
\blind@countyy=\count273
\c@blindlist=\count274
\c@blindlistlevel=\count275
\c@blindlist@level=\count276
\blind@listitem=\count277
\c@blind@listcount=\count278
\c@blind@levelcount=\count279
\blind@mathformula=\count280
\blind@Mathformula=\count281
\c@blind@randomcount=\count282
\c@blind@randommax=\count283
\c@blind@pangramcount=\count284
\c@blind@pangrammax=\count285
) (/usr/share/texlive/texmf-dist/tex/latex/titlesec/titlesec.sty
Package: titlesec 2023/10/27 v2.16 Sectioning titles
\ttl@box=\box53
\beforetitleunit=\skip54
\aftertitleunit=\skip55
\ttl@plus=\dimen152
\ttl@minus=\dimen153
\ttl@toksa=\toks23
\titlewidth=\dimen154
\titlewidthlast=\dimen155
\titlewidthfirst=\dimen156
) (/usr/share/texlive/texmf-dist/tex/latex/ragged2e/ragged2e.sty
Package: ragged2e 2023/06/22 v3.6 ragged2e Package
\CenteringLeftskip=\skip56
\RaggedLeftLeftskip=\skip57
\RaggedRightLeftskip=\skip58
\CenteringRightskip=\skip59
\RaggedLeftRightskip=\skip60
\RaggedRightRightskip=\skip61
\CenteringParfillskip=\skip62
\RaggedLeftParfillskip=\skip63
\RaggedRightParfillskip=\skip64
\JustifyingParfillskip=\skip65
\CenteringParindent=\skip66
\RaggedLeftParindent=\skip67
\RaggedRightParindent=\skip68
\JustifyingParindent=\skip69
) (/usr/share/texlive/texmf-dist/tex/latex/hyperref/hyperref.sty
Package: hyperref 2024-01-20 v7.01h Hypertext links for LaTeX
 (/usr/share/texlive/texmf-dist/tex/latex/kvsetkeys/kvsetkeys.sty
Package: kvsetkeys 2022-10-05 v1.19 Key value parser (HO)
) (/usr/share/texlive/texmf-dist/tex/generic/kvdefinekeys/kvdefinekeys.sty
Package: kvdefinekeys 2019-12-19 v1.6 Define keys (HO)
) (/usr/share/texlive/texmf-dist/tex/generic/pdfescape/pdfescape.sty
Package: pdfescape 2019/12/09 v1.15 Implements pdfTeX's escape features (HO)
 (/usr/share/texlive/texmf-dist/tex/generic/ltxcmds/ltxcmds.sty
Package: ltxcmds 2023-12-04 v1.26 LaTeX kernel commands for general use (HO)
) (/usr/share/texlive/texmf-dist/tex/generic/pdftexcmds/pdftexcmds.sty
Package: pdftexcmds 2020-06-27 v0.33 Utility functions of pdfTeX for LuaTeX (HO)
 (/usr/share/texlive/texmf-dist/tex/generic/infwarerr/infwarerr.sty
Package: infwarerr 2019/12/03 v1.5 Providing info/warning/error messages (HO)
)
Package pdftexcmds Info: \pdf@primitive is available.
Package pdftexcmds Info: \pdf@ifprimitive is available.
Package pdftexcmds Info: \pdfdraftmode found.
)) (/usr/share/texlive/texmf-dist/tex/latex/hycolor/hycolor.sty
Package: hycolor 2020-01-27 v1.10 Color options for hyperref/bookmark (HO)
) (/usr/share/texlive/texmf-dist/tex/latex/auxhook/auxhook.sty
Package: auxhook 2019-12-17 v1.6 Hooks for auxiliary files (HO)
) (/usr/share/texlive/texmf-dist/tex/latex/hyperref/nameref.sty
Package: nameref 2023-11-26 v2.56 Cross-referencing by name of section
 (/usr/share/texlive/texmf-dist/tex/latex/refcount/refcount.sty
Package: refcount 2019/12/15 v3.6 Data extraction from label references (HO)
) (/usr/share/texlive/texmf-dist/tex/generic/gettitlestring/gettitlestring.sty
Package: gettitlestring 2019/12/15 v1.6 Cleanup title references (HO)
 (/usr/share/texlive/texmf-dist/tex/latex/kvoptions/kvoptions.sty
Package: kvoptions 2022-06-15 v3.15 Key value format for package options (HO)
))
\c@section@level=\count286
) (/usr/share/texlive/texmf-dist/tex/latex/etoolbox/etoolbox.sty
Package: etoolbox 2020/10/05 v2.5k e-TeX tools for LaTeX (JAW)
\etb@tempcnta=\count287
)
\@linkdim=\dimen157
\Hy@linkcounter=\count288
\Hy@pagecounter=\count289
 (/usr/share/texlive/texmf-dist/tex/latex/hyperref/pd1enc.def
File: pd1enc.def 2024-01-20 v7.01h Hyperref: PDFDocEncoding definition (HO)
Now handling font encoding PD1 ...
... no UTF-8 mapping file for font encoding PD1
) (/usr/share/texlive/texmf-dist/tex/generic/intcalc/intcalc.sty
Package: intcalc 2019/12/15 v1.3 Expandable calculations with integers (HO)
)
\Hy@SavedSpaceFactor=\count290
 (/usr/share/texlive/texmf-dist/tex/latex/hyperref/puenc.def
File: puenc.def 2024-01-20 v7.01h Hyperref: PDF Unicode definition (HO)
Now handling font encoding PU ...
... no UTF-8 mapping file for font encoding PU
)
Package hyperref Info: Option `colorlinks' set `true' on input line 4062.
Package hyperref Info: Option `breaklinks' set `true' on input line 4062.
Package hyperref Info: Hyper figures OFF on input line 4179.
Package hyperref Info: Link nesting OFF on input line 4184.
Package hyperref Info: Hyper index ON on input line 4187.
Package hyperref Info: Plain pages OFF on input line 4194.
Package hyperref Info: Backreferencing OFF on input line 4199.
Package hyperref Info: Implicit mode ON; LaTeX internals redefined.
Package hyperref Info: Bookmarks ON on input line 4446.
\c@Hy@tempcnt=\count291
 (/usr/share/texlive/texmf-dist/tex/latex/url/url.sty
\Urlmuskip=\muskip16
Package: url 2013/09/16  ver 3.4  Verb mode for urls, etc.
)
LaTeX Info: Redefining \url on input line 4784.
\XeTeXLinkMargin=\dimen158
 (/usr/share/texlive/texmf-dist/tex/generic/bitset/bitset.sty
Package: bitset 2019/12/09 v1.3 Handle bit-vector datatype (HO)
 (/usr/share/texlive/texmf-dist/tex/generic/bigintcalc/bigintcalc.sty
Package: bigintcalc 2019/12/15 v1.5 Expandable calculations on big integers (HO)
))
\Fld@menulength=\count292
\Field@Width=\dimen159
\Fld@charsize=\dimen160
Package hyperref Info: Hyper figures OFF on input line 6063.
Package hyperref Info: Link nesting OFF on input line 6068.
Package hyperref Info: Hyper index ON on input line 6071.
Package hyperref Info: backreferencing OFF on input line 6078.
Package hyperref Info: Link coloring ON on input line 6081.
Package hyperref Info: Link coloring with OCG OFF on input line 6088.
Package hyperref Info: PDF/A mode OFF on input line 6093.
 (/usr/share/texlive/texmf-dist/tex/latex/base/atbegshi-ltx.sty
Package: atbegshi-ltx 2021/01/10 v1.0c Emulation of the original atbegshi
package with kernel methods
)
\Hy@abspage=\count293
\c@Item=\count294
\c@Hfootnote=\count295
)
Package hyperref Info: Driver (autodetected): hpdftex.
 (/usr/share/texlive/texmf-dist/tex/latex/hyperref/hpdftex.def
File: hpdftex.def 2024-01-20 v7.01h Hyperref driver for pdfTeX
 (/usr/share/texlive/texmf-dist/tex/latex/base/atveryend-ltx.sty
Package: atveryend-ltx 2020/08/19 v1.0a Emulation of the original atveryend package
with kernel methods
)
\Fld@listcount=\count296
\c@bookmark@seq@number=\count297
 (/usr/share/texlive/texmf-dist/tex/latex/rerunfilecheck/rerunfilecheck.sty
Package: rerunfilecheck 2022-07-10 v1.10 Rerun checks for auxiliary files (HO)
 (/usr/share/texlive/texmf-dist/tex/generic/uniquecounter/uniquecounter.sty
Package: uniquecounter 2019/12/15 v1.4 Provide unlimited unique counter (HO)
)
Package uniquecounter Info: New unique counter `rerunfilecheck' on input line 285.
)
\Hy@SectionHShift=\skip70
) (/usr/share/texlive/texmf-dist/tex/latex/l3backend/l3backend-pdftex.def
File: l3backend-pdftex.def 2024-01-04 L3 backend support: PDF output (pdfTeX)
\l__color_backend_stack_int=\count298
\l__pdf_internal_box=\box54
) (./main.aux)
\openout1 = `main.aux'.

LaTeX Font Info:    Checking defaults for OML/cmm/m/it on input line 45.
LaTeX Font Info:    ... okay on input line 45.
LaTeX Font Info:    Checking defaults for OMS/cmsy/m/n on input line 45.
LaTeX Font Info:    ... okay on input line 45.
LaTeX Font Info:    Checking defaults for OT1/cmr/m/n on input line 45.
LaTeX Font Info:    ... okay on input line 45.
LaTeX Font Info:    Checking defaults for T1/cmr/m/n on input line 45.
LaTeX Font Info:    ... okay on input line 45.
LaTeX Font Info:    Checking defaults for TS1/cmr/m/n on input line 45.
LaTeX Font Info:    ... okay on input line 45.
LaTeX Font Info:    Checking defaults for OMX/cmex/m/n on input line 45.
LaTeX Font Info:    ... okay on input line 45.
LaTeX Font Info:    Checking defaults for U/cmr/m/n on input line 45.
LaTeX Font Info:    ... okay on input line 45.
LaTeX Font Info:    Checking defaults for PD1/pdf/m/n on input line 45.
LaTeX Font Info:    ... okay on input line 45.
LaTeX Font Info:    Checking defaults for PU/pdf/m/n on input line 45.
LaTeX Font Info:    ... okay on input line 45.

*geometry* driver: auto-detecting
*geometry* detected driver: pdftex
*geometry* verbose mode - [ preamble ] result:
* driver: pdftex
* paper: a4paper
* layout: <same size as paper>
* layoutoffset:(h,v)=(0.0pt,0.0pt)
* modes: twoside 
* h-part:(L,W,R)=(85.35826pt, 426.79135pt, 85.35826pt)
* v-part:(T,H,B)=(71.13188pt, 702.78308pt, 71.13188pt)
* \paperwidth=597.50787pt
* \paperheight=845.04684pt
* \textwidth=426.79135pt
* \textheight=702.78308pt
* \oddsidemargin=13.08827pt
* \evensidemargin=13.08827pt
* \topmargin=-38.1381pt
* \headheight=12.0pt
* \headsep=25.0pt
* \topskip=12.0pt
* \footskip=30.0pt
* \marginparwidth=85.0pt
* \marginparsep=10.0pt
* \columnsep=10.0pt
* \skip\footins=10.8pt plus 4.0pt minus 2.0pt
* \hoffset=0.0pt
* \voffset=0.0pt
* \mag=1000
* \@twocolumnfalse
* \@twosidetrue
* \@mparswitchtrue
* \@reversemarginfalse
* (1in=72.27pt=25.4mm, 1cm=28.453pt)

(/usr/share/texlive/texmf-dist/tex/context/base/mkii/supp-pdf.mkii
[Loading MPS to PDF converter (version 2006.09.02).]
\scratchcounter=\count299
\scratchdimen=\dimen161
\scratchbox=\box55
\nofMPsegments=\count300
\nofMParguments=\count301
\everyMPshowfont=\toks24
\MPscratchCnt=\count302
\MPscratchDim=\dimen162
\MPnumerator=\count303
\makeMPintoPDFobject=\count304
\everyMPtoPDFconversion=\toks25
) (/usr/share/texlive/texmf-dist/tex/latex/epstopdf-pkg/epstopdf-base.sty
Package: epstopdf-base 2020-01-24 v2.11 Base part for package epstopdf
Package epstopdf-base Info: Redefining graphics rule for `.eps' on input line 485.
 (/usr/share/texlive/texmf-dist/tex/latex/latexconfig/epstopdf-sys.cfg
File: epstopdf-sys.cfg 2010/07/13 v1.3 Configuration of (r)epstopdf for TeX Live
)) (/usr/share/texlive/texmf-dist/tex/latex/graphics/color.sty
Package: color 2022/01/06 v1.3d Standard LaTeX Color (DPC)
 (/usr/share/texlive/texmf-dist/tex/latex/graphics-cfg/color.cfg
File: color.cfg 2016/01/02 v1.6 sample color configuration
)
Package color Info: Driver file: pdftex.def on input line 149.
 (/usr/share/texlive/texmf-dist/tex/latex/graphics/mathcolor.ltx))
Package hyperref Info: Link coloring ON on input line 45.
 (./main.out) (./main.out)
\@outlinefile=\write3
\openout3 = `main.out'.

 [1

{/var/lib/texmf/fonts/map/pdftex/updmap/pdftex.map}] (./main.toc
LaTeX Font Info:    External font `cmex10' loaded for size
(Font)              <12> on input line 3.
LaTeX Font Info:    External font `cmex10' loaded for size
(Font)              <8> on input line 3.
LaTeX Font Info:    External font `cmex10' loaded for size
(Font)              <6> on input line 3.
)
\tf@toc=\write4
\openout4 = `main.toc'.

 [1


]
LaTeX Font Info:    External font `cmex10' loaded for size
(Font)              <10.95> on input line 107.
 [2] [3] [4]
Underfull \vbox (badness 10000) has occurred while \output is active []

 [5] [6] [7] [8]
Underfull \vbox (badness 3281) has occurred while \output is active []

 [9]
LaTeX Font Info:    External font `cmex10' loaded for size
(Font)              <7> on input line 284.
LaTeX Font Info:    External font `cmex10' loaded for size
(Font)              <5> on input line 284.

Underfull \hbox (badness 10000) in paragraph at lines 284--284
[][][]\T1/cmr/m/n/10 Here you can check a full list of the difer-ent live-cod-ing lan-guages:
 []

<./graphics/nuevo.png, id=146, 1445.4pt x 813.0375pt>
File: ./graphics/nuevo.png Graphic file (type png)
<use ./graphics/nuevo.png>
Package pdftex.def Info: ./graphics/nuevo.png  used on input line 290.
(pdftex.def)             Requested size: 426.79135pt x 240.06729pt.
[10 <./graphics/nuevo.png (PNG copy)>]
<./graphics/synth.jpg, id=157, 1917.05684pt x 1032.70026pt>
File: ./graphics/synth.jpg Graphic file (type jpg)
<use ./graphics/synth.jpg>
Package pdftex.def Info: ./graphics/synth.jpg  used on input line 304.
(pdftex.def)             Requested size: 341.43437pt x 183.92407pt.
<./graphics/screensynth.png, id=159, 1216.545pt x 680.5425pt>
File: ./graphics/screensynth.png Graphic file (type png)
<use ./graphics/screensynth.png>
Package pdftex.def Info: ./graphics/screensynth.png  used on input line 314.
(pdftex.def)             Requested size: 341.43437pt x 190.99712pt.
 [11 <./graphics/synth.jpg>]
<./graphics/synthcode.png, id=173, 1151.30125pt x 1151.30125pt>
File: ./graphics/synthcode.png Graphic file (type png)
<use ./graphics/synthcode.png>
Package pdftex.def Info: ./graphics/synthcode.png  used on input line 328.
(pdftex.def)             Requested size: 56.90086pt x 56.9055pt.
<./graphics/ciclo.png, id=175, 832.10875pt x 247.92625pt>
File: ./graphics/ciclo.png Graphic file (type png)
<use ./graphics/ciclo.png>
Package pdftex.def Info: ./graphics/ciclo.png  used on input line 334.
(pdftex.def)             Requested size: 341.43437pt x 101.72986pt.
 [12 <./graphics/screensynth.png> <./graphics/synthcode.png>] [13 <./graphics/ciclo.png>] [14]
<./graphics/frame.png, id=203, 301.125pt x 301.125pt>
File: ./graphics/frame.png Graphic file (type png)
<use ./graphics/frame.png>
Package pdftex.def Info: ./graphics/frame.png  used on input line 396.
(pdftex.def)             Requested size: 56.90189pt x 56.9055pt.
<./graphics/rain.jpg, id=206, 511.9125pt x 357.335pt>
File: ./graphics/rain.jpg Graphic file (type jpg)
<use ./graphics/rain.jpg>
Package pdftex.def Info: ./graphics/rain.jpg  used on input line 415.
(pdftex.def)             Requested size: 341.43437pt x 238.3336pt.
 [15 <./graphics/frame.png>]
<./graphics/specto.png, id=215, 1444.39626pt x 580.1675pt>
File: ./graphics/specto.png Graphic file (type png)
<use ./graphics/specto.png>
Package pdftex.def Info: ./graphics/specto.png  used on input line 429.
(pdftex.def)             Requested size: 341.43437pt x 137.13611pt.
 [16 <./graphics/rain.jpg> <./graphics/specto.png>]
<./graphics/unnamed.png, id=223, 1606.0pt x 903.375pt>
File: ./graphics/unnamed.png Graphic file (type png)
<use ./graphics/unnamed.png>
Package pdftex.def Info: ./graphics/unnamed.png  used on input line 444.
(pdftex.def)             Requested size: 341.43437pt x 192.0577pt.
<./graphics/snake.jpeg, id=225, 2055.68pt x 1370.11874pt>
File: ./graphics/snake.jpeg Graphic file (type jpg)
<use ./graphics/snake.jpeg>
Package pdftex.def Info: ./graphics/snake.jpeg  used on input line 457.
(pdftex.def)             Requested size: 341.43437pt x 227.5651pt.
 [17 <./graphics/unnamed.png>]
<./graphics/codigo.png, id=232, 1927.2pt x 1084.05pt>
File: ./graphics/codigo.png Graphic file (type png)
<use ./graphics/codigo.png>
Package pdftex.def Info: ./graphics/codigo.png  used on input line 473.
(pdftex.def)             Requested size: 341.43437pt x 192.0439pt.
 [18 <./graphics/snake.jpeg>]
Overfull \hbox (3.56697pt too wide) in paragraph at lines 485--487
\T1/cmr/m/n/12 The 'from scratch' ap-proach is play-ful and em-braces er-ror. There is no pre-established
 []


Underfull \vbox (badness 2205) has occurred while \output is active []

 [19 <./graphics/codigo.png>]
<./graphics/TOPLAP Solstice Stream December 2024 - CAT__DOG (SULE + GORKA) - 2024-12-21 22_45 - YouTube - Brave 24_07_2025 14_41_43.png, id=247, 1927.2pt x 1084.05pt>
File: ./graphics/TOPLAP Solstice Stream December 2024 - CAT__DOG (SULE + GORKA) - 2024-12-21 22_45 - YouTube - Brave 24_07_2025 14_41_43.png Graphic file (type png)
<use ./graphics/TOPLAP Solstice Stream December 2024 - CAT__DOG (SULE + GORKA) - 2024-12-21 22_45 - YouTube - Brave 24_07_2025 14_41_43.png>
Package pdftex.def Info: ./graphics/TOPLAP Solstice Stream December 2024 - CAT__DOG (SULE + GORKA) - 2024-12-21 22_45 - YouTube - Brave 24_07_2025 14_41_43.png  used on input line 503.
(pdftex.def)             Requested size: 341.43437pt x 192.0439pt.
<./graphics/youtube.jpeg, id=249, 301.125pt x 301.125pt>
File: ./graphics/youtube.jpeg Graphic file (type jpg)
<use ./graphics/youtube.jpeg>
Package pdftex.def Info: ./graphics/youtube.jpeg  used on input line 509.
(pdftex.def)             Requested size: 56.90189pt x 56.9055pt.
 [20 <./graphics/TOPLAP Solstice Stream December 2024 - CAT__DOG (SULE + GORKA) - 2024-12-21 22_45 - YouTube - Brave 24_07_2025 14_41_43.png> <./graphics/youtube.jpeg>]
<./graphics/Amro-2024-DayThree-sule-MART_DSF7282-small (1).png, id=258, 421.575pt x 280.94963pt>
File: ./graphics/Amro-2024-DayThree-sule-MART_DSF7282-small (1).png Graphic file (type png)
<use ./graphics/Amro-2024-DayThree-sule-MART_DSF7282-small (1).png>
Package pdftex.def Info: ./graphics/Amro-2024-DayThree-sule-MART_DSF7282-small (1).png  used on input line 529.
(pdftex.def)             Requested size: 341.43437pt x 227.54652pt.
 [21 <./graphics/Amro-2024-DayThree-sule-MART_DSF7282-small (1).png>]
<./graphics/amCode.png, id=265, 1927.2pt x 1004.75375pt>
File: ./graphics/amCode.png Graphic file (type png)
<use ./graphics/amCode.png>
Package pdftex.def Info: ./graphics/amCode.png  used on input line 545.
(pdftex.def)             Requested size: 341.43437pt x 177.99625pt.
 [22 <./graphics/amCode.png>]
<./graphics/HYDRA.png, id=272, 597.60106pt x 845.26315pt>
File: ./graphics/HYDRA.png Graphic file (type png)
<use ./graphics/HYDRA.png>
Package pdftex.def Info: ./graphics/HYDRA.png  used on input line 584.
(pdftex.def)             Requested size: 170.71393pt x 241.45709pt.

Underfull \vbox (badness 10000) has occurred while \output is active []

 [23]
<./graphics/TOPLAP.jpeg, id=277, 1204.5pt x 1606.0pt>
File: ./graphics/TOPLAP.jpeg Graphic file (type jpg)
<use ./graphics/TOPLAP.jpeg>
Package pdftex.def Info: ./graphics/TOPLAP.jpeg  used on input line 600.
(pdftex.def)             Requested size: 170.71393pt x 227.60759pt.

Underfull \vbox (badness 10000) has occurred while \output is active []

 [24 <./graphics/HYDRA.png>]
<./graphics/cheatsheet (1)_page-0001.jpg, id=285, 845.559pt x 598.3956pt>
File: ./graphics/cheatsheet (1)_page-0001.jpg Graphic file (type jpg)
<use ./graphics/cheatsheet (1)_page-0001.jpg>
Package pdftex.def Info: ./graphics/cheatsheet (1)_page-0001.jpg  used on input line 615.
(pdftex.def)             Requested size: 384.1096pt x 271.83214pt.

Underfull \vbox (badness 10000) has occurred while \output is active []

 [25 <./graphics/TOPLAP.jpeg>]
<./graphics/rave.jpg, id=291, 602.25pt x 401.24907pt>
File: ./graphics/rave.jpg Graphic file (type jpg)
<use ./graphics/rave.jpg>
Package pdftex.def Info: ./graphics/rave.jpg  used on input line 627.
(pdftex.def)             Requested size: 341.43437pt x 227.48982pt.
 [26 <./graphics/cheatsheet (1)_page-0001.jpg>]
Underfull \vbox (badness 10000) has occurred while \output is active []

 [27 <./graphics/rave.jpg>]
<miau.png, id=302, 1440.88312pt x 648.92438pt>
File: miau.png Graphic file (type png)
<use miau.png>
Package pdftex.def Info: miau.png  used on input line 667.
(pdftex.def)             Requested size: 341.43437pt x 153.76468pt.
 [28 <./miau.png (PNG copy)>]
<./graphics/archivo.png, id=312, 301.125pt x 301.125pt>
File: ./graphics/archivo.png Graphic file (type png)
<use ./graphics/archivo.png>
Package pdftex.def Info: ./graphics/archivo.png  used on input line 692.
(pdftex.def)             Requested size: 56.90189pt x 56.9055pt.
 (./main.bbl [29 <./graphics/archivo.png>]
Underfull \hbox (badness 3590) in paragraph at lines 48--51
[]\T1/cmr/m/n/12 Alex McLean.  Al-ter-nate time-lines for tidal-cy-cles.  \T1/cmr/m/it/12 arXiv preprint
 []

[30

]) [31] (./main.aux)
 ***********
LaTeX2e <2023-11-01> patch level 1
L3 programming layer <2024-01-22>
 ***********
Package rerunfilecheck Info: File `main.out' has not changed.
(rerunfilecheck)             Checksum: 17FD14F455A7B2B3F0CF5AF762C7B3A9;2660.
 ) 
Here is how much of TeX's memory you used:
 11292 strings out of 475468
 180964 string characters out of 5775649
 1932975 words of memory out of 5000000
 33098 multiletter control sequences out of 15000+600000
 574032 words of font info for 65 fonts, out of 8000000 for 9000
 417 hyphenation exceptions out of 8191
 75i,8n,79p,820b,570s stack positions out of 10000i,1000n,20000p,200000b,200000s
 </home/mint/.texlive2023/texmf-var/fonts/pk/ljfour/jknappen/ec/ecti1200.600pk> </home/mint/.texlive2023/texmf-var/fonts/pk/ljfour/jknappen/ec/ecrm1000.600pk> </home/mint/.texlive2023/texmf-var/fonts/pk/ljfour/jknappen/ec/ecrm0700.600pk> </home/mint/.texlive2023/texmf-var/fonts/pk/ljfour/jknappen/ec/ecrm0800.600pk> </home/mint/.texlive2023/texmf-var/fonts/pk/ljfour/jknappen/ec/tcrm1200.600pk> </home/mint/.texlive2023/texmf-var/fonts/pk/ljfour/jknappen/ec/ecbx1440.600pk> </home/mint/.texlive2023/texmf-var/fonts/pk/ljfour/jknappen/ec/ecbx1200.600pk> </home/mint/.texlive2023/texmf-var/fonts/pk/ljfour/jknappen/ec/eccc1095.600pk> </home/mint/.texlive2023/texmf-var/fonts/pk/ljfour/jknappen/ec/ecti1095.600pk> </home/mint/.texlive2023/texmf-var/fonts/pk/ljfour/jknappen/ec/ecrm1200.600pk> </home/mint/.texlive2023/texmf-var/fonts/pk/ljfour/jknappen/ec/ecti1440.600pk> </home/mint/.texlive2023/texmf-var/fonts/pk/ljfour/jknappen/ec/ecbx2488.600pk> </home/mint/.texlive2023/texmf-var/fonts/pk/ljfour/jknappen/ec/ecrm1440.600pk> </home/mint/.texlive2023/texmf-var/fonts/pk/ljfour/jknappen/ec/ecrm1728.600pk> </home/mint/.texlive2023/texmf-var/fonts/pk/ljfour/jknappen/ec/ecbx1728.600pk></usr/share/texlive/texmf-dist/fonts/type1/public/amsfonts/cm/cmmi12.pfb></usr/share/texlive/texmf-dist/fonts/type1/public/amsfonts/cm/cmr12.pfb>
Output written on main.pdf (32 pages, 21219353 bytes).
PDF statistics:
 817 PDF objects out of 1000 (max. 8388607)
 341 compressed objects within 4 object streams
 92 named destinations out of 1000 (max. 500000)
 218 words of extra memory for PDF output out of 10000 (max. 10000000)

